<html>
<body>
<pre>
<h1>µVision Build Log</h1>
<h2>Tool Versions:</h2>
IDE-Version: µVision V5.24.2.0
Copyright (C) 2017 ARM Ltd and ARM Germany GmbH. All rights reserved.
License Information: Florin Popescu, UPT, LIC=----
 
Tool Versions:
Toolchain:       MDK-Lite  Version: 5.24.1
Toolchain Path:  C:\Keil\ARM\ARMCC\Bin
C Compiler:      Armcc.exe V5.06 update 5 (build 528)
Assembler:       Armasm.exe V5.06 update 5 (build 528)
Linker/Locator:  ArmLink.exe V5.06 update 5 (build 528)
Library Manager: ArmAr.exe V5.06 update 5 (build 528)
Hex Converter:   FromElf.exe V5.06 update 5 (build 528)
CPU DLL:         SARMCM3.DLL V5.24.1
Dialog DLL:      DARMCM1.DLL V1.18.0.0
Target DLL:      STLink\ST-LINKIII-KEIL_SWO.dll V3.0.1.0
Dialog DLL:      TARMCM1.DLL V1.13.0.0
 
<h2>Project:</h2>
C:\Users\flori\Documents\GitHub\LoRa\Implementation\Boards\Projects\Multi\Applications\LoRa\End_Node\MDK-ARM\STM32L073RZ-Nucleo\Lora.uvprojx
Project File Date:  06/16/2018

<h2>Output:</h2>
*** Using Compiler 'V5.06 update 5 (build 528)', folder: 'C:\Keil\ARM\ARMCC\Bin'
Build target 'sx1272mb2das'
compiling main.c...
..\..\src\main.c(315): warning:  #177-D: function "LoraStartTx"  was declared but never referenced
  static void LoraStartTx(TxEventType_t EventType)
..\..\src\main.c(125): warning:  #177-D: variable "LoRaMainCallbacks"  was declared but never referenced
  static LoRaMainCallback_t LoRaMainCallbacks = { HW_GetBatteryLevel,
..\..\src\main.c(151): warning:  #177-D: variable "LoRaParamInit"  was declared but never referenced
  static  LoRaParam_t LoRaParamInit= {LORAWAN_ADR_STATE,
..\..\src\main.c: 3 warnings, 0 errors
linking...
Program Size: Code=24156 RO-data=628 RW-data=108 ZI-data=3556  
FromELF: creating hex file...
".\sx1272mb2das\NUCLEO_CUBE_LORA.axf" - 0 Error(s), 3 Warning(s).

<h2>Software Packages used:</h2>

Package Vendor: Keil
                http://www.keil.com/pack/Keil.STM32L0xx_DFP.1.6.1.pack
                Keil.STM32L0xx_DFP.1.6.1
                STMicroelectronics STM32L0 Series Device Support and Examples

<h2>Collection of Component include folders:</h2>
  .\RTE\_sx1272mb2das
  C:\Keil\ARM\PACK\Keil\STM32L0xx_DFP\1.6.1\Device\Include

<h2>Collection of Component Files used:</h2>
Build Time Elapsed:  00:00:05
</pre>
</body>
</html>
